"<su>"
	"son" Pron Pers Sg3 Gen <W:0>
	"son" Pron Pers Sg3 Acc <W:0>
: 
"<su.>"
	"su" Adv ABBR <W:0>
	"." PUNCT <W:0> "<.>"
		"su" Adv ABBR <W:0> "<su>"
	"." CLB <W:0> "<.>"
		"son" Pron Pers Sg3 Gen <W:0> "<su>"
	"." CLB <W:0> "<.>"
		"son" Pron Pers Sg3 Acc <W:0> "<su>"
: 
"<.>"
	"." CLB <W:0>
:\n
