"<dalle go>"
	"dalle go" CS <W:0>
:\n
"<lea>"
	"leat" V IV Ind Prs Sg3 <W:0>
: 
"<go>"
	"go" Pcle Qst <W:0>
	"go" CS <W:0>
:\n
"<mielde mearrideame>"
	"mieldemearrideapmi" N Sem/Act Sg Gen Allegro Err/SpaceCmp <W:0>
	"mieldemearridit" V TV Actio Ess Err/SpaceCmp <W:0>
	"mieldemearridit" VV TV Der/NomAct N Sg Gen Allegro Err/SpaceCmp <W:0>
	"mearridit" VV TV Der/NomAct N Sg Gen Allegro <W:0> "<mearrideame>"
		"mielde" Po <W:0> "<mielde>"
	"mearridit" VV TV Der/NomAct N Sg Gen Allegro <W:0> "<mearrideame>"
		"mielde" Adv <W:0> "<mielde>"
	"mearridit" V TV Actio Ess <W:0> "<mearrideame>"
		"mielde" Po <W:0> "<mielde>"
	"mearridit" V TV Actio Ess <W:0> "<mearrideame>"
		"mielde" Adv <W:0> "<mielde>"
	"mearrideapmi" N Sem/Act Sg Gen Allegro <W:0> "<mearrideame>"
		"mielde" Po <W:0> "<mielde>"
	"mearrideapmi" N Sem/Act Sg Gen Allegro <W:0> "<mearrideame>"
		"mielde" Adv <W:0> "<mielde>"
:\n
:\n
"<(>"
	"(" PUNCT LEFT <W:0>
"<gáfe>"
	"gáffe" N Sem/Plant Sg Acc <W:0>
	"gáffe" N Sem/Plant Sg Gen Allegro <W:0>
	"gáffe" N Sem/Plant Sg Gen <W:0>
	"gáfe" N Sem/Plant Sg Nom <W:0>
	"gáfe" N Sem/Plant Sg Acc <W:0>
	"gáfe" N Sem/Plant Sg Gen Allegro <W:0>
	"gáfe" N Sem/Plant Sg Gen <W:0>
"<)>"
	")" PUNCT RIGHT <W:0>
"<,>"
	"," CLB <W:0>
	"," CLB <W:0>
:\n
"<">"
	""" PUNCT <W:0>
"<ukjend>"
	"ukjend" ?
"<">"
	""" PUNCT <W:0>
:\n
"<3.>"
	"3" A Ord Attr <W:0>
: 
"<ja>"
	"ja" CC <W:0>
	"já" Interj <W:0>
"<?>"
	"?" CLB <W:0>
: ц \n
